[   0.00000]nitilizig cgup subys cuset
    .00000] Intialzing croup sbsys cu
[  0.000000 Iniialiin croupsubss cpacct
[    .00000] Lix vesin 4..0142-eneic(build@lgw01md64033) (cc vrsion .4.0 216069 bunt 54.0-ubntu1160410)  #168-buntSMP Wed Jan 16 2:0:45 TC2019(Ubutu4.4.-142168-gneic4..167
[   0.00000]ommand lne BOO_IAGE=bootmlnuz-.40-14-gneic root=ABL=loudmgroots roonsoe=ty1conse=ttS0
[   0.0000] ERNE suported pu:
[  0.0000]  ntelenuinentel
[   000000]  MD AutenicAMD
[  0.00000]  CetaurCentaurHuls
[   0.00000]86/fpuxstateoffs[2]:576,xstatesize[2]: 26
[  0.000000] 86fp: SuportngSAVE fate 0x1:'x87 floatin point rgister
[   .00000] 86/fpu Suppoting XAV feaur 0x0: 'SSEregiters
    .00000 x86fp: Suportin XAVE feture 004: AV rgistrs
[  0.0000]x8/fpu: nabld stat featues 07, cntexsizeis 832bytes, usng 'tadard' orat.[    000000 e20: BIOS-provided physical RAM map:
[    0.000000] BIOS-e820: [mem 0x0000000000000000-0x000000000009fff] sable
[  0.0000] IO-e820:[mem 00000000000c00-0x0000000009ff] reseve
[    000000] BIO-e82: [mem0x00000000000-0x0000000fffff rservd
[  0.0000] BIS-e820 [mm x0000000000100000-0x000000003fefff] uable
    0.0000 BIO-e820: [em 0x000000fff0000x0000003ffff] ACP data[   0.0000] BIOSe820 [em 000000000fec0000-0x000000fe00ff] reered
    00000]BIOS820: [em 0x000000fe0000-x00000fee00fff] reered
[    0.000000] BIOS-e820: [mem 0x00000000fffc0000-0x00000000ffffffff] reserved
[    0.0000]NX (xecute Disable) protecon: tive
[    0.000000] SMBIOS 2.5 present.
[    0.000000] Hypervisor detected: KVM
[    0.000000] e820: last_pfn =0xfff0max_ch_p = 00000000
[  0.0000] RR: Diable
[  0.00000] x86/PAT: MTRRs disabled, skipping PAT initialization too.
[    0.000000]PU MTR allblnk -virtlized ysem.
[  0.0000] x86/AT: onigurtin [0]: WB T  UC-UC WB WT  C- UC  
[   0.0000found SM MP-taleat [em 0009ff0-x000ffff mppedat[fff80009ff0]
[  0.00000] cannng1 aras f lowemory orrutin
[  0.0000] RDISK [mem 0x36308000-03717bfff]
[    0.000000] ACPI: Early tabe checksum veificatn isabed
[   .000000] ACPI: RSP 0x0000000000E0000 00002 (2 VBOX )
[    000000] ACPI: XSDT0x00000003F003000003 (01 VOX   VBOXST 000001 SL  000006)
[  00000] ACPIFAP 0x000000FF0F 000F4v0 VBOX   VBOXAC 0000001AS  000061)[   0.0000] ACPI DSDT 000000003FF040 001FF v02 BO  VBXBIO 0000002 ITL 210058)
[   .00000] CP: CS0x00000003FF020 00040
[   000000] ACI: FAC 0x0000003FF020 00000
[   0.00000]ACPI: APC x0000003FF020 005C (2 BOX VBXAPI000000 AS  000061
[   000000ACI:SST 0x0000003FF02A 000CC (01VBO   VOXCPT 0000002 NT 2010528
[    .00000] o NUMAconfguratin fond
[   0.000] Fakig a node at [em0x000000000000-000000003efff][   0.00000] NDEDATA0) aocat [mem 0x3fe00-0x3efff][   0.000] k-clok: Uing srs b56401 and4b564d00
[   000000] kvm-clck: pu 0 msr0:3fe300, primay pu cock
[    000000] km-clck: sing shed ffse of 38172081 cyles
[   000000] cocksurce km-clck: sk 0xfffffffffff mx_ycles: 0x1d4e4df, ax_ie_s:8890591483ns
[    0.000000]Zoe raes:
[    0.0000]   DMA    mem 0x000000000100-x0000000ffff
[   0.0000  MA32  mem 0x000000100000-0x00000003ffefff]
   0.00000  Normal  ety
[   00000]  evic  mpty
  0.0000] ovae one tat fo each node
[    0.00000] Ear mmory ode ange
[   .000000]   nodee   0: [mem 0x00000000001000-x0000000efff
   0.000]   no   0: me0x0000000100-0x000003fffff][   0.00000] Initme stup node 0 [mem 0x00000000000000-0x000000ffffff
    0.0000] CP: M-TierIOPort 0x408
[  .000000] IOAPI[0]: apic_id 2, vrsion 32, addess 0xfec00000, GSI 0-23
[    0.000000 ACPI: IN_SRC_OVR (bus 0 bu_iq  global_rq2 dfl dfl)
[    0.000000] ACPI:INT_SRC_OVR (bs bus_rq 9glbal_q 9 low lve)
[   .00000] Usig API (MADT) for SP configuationinformation
[   0.000000] mpbot: Alowing 2 PUs, 0 hoplugCPUs
    .000000] PM: Registered nosave meory: [em0x000000000x0000ff]
[  00000] PM: Rgiered osaveemory: [em 0009f000-0x000fff]
[    0.0000] PM: egsterd nosave memory: [me 0x00a000-0x000effff]
[    .00000 PM Rgistednosveemory:[m 0x000000-0x000fffff]
[   .00000] 820: [mem0x0000000-0xfebfffff] available for PCI devices
[   .000000] Botig aravirtualized kernel on KVM
[    0.000000] clocksourc: refined-jiffies: mask: 0xffffffff max_cycles: 0ffffffff, max_idle_ns: 7645519600211568 s[   .000000] etp_ercpu: NR_CPUS51 nr_pusk_bts:512 n_cu_id:2nr_nde_is:1
[    0.000000]PERCPU: mbdded 34 pge/cpu @fff88003fc00000s9480 r8192 d31592 u104576
[    0000000] Built 1 zoelistsinNode oder,mobiliy grouing on. Toal pge: 25791
[   0.00000] Policy zone DA332
    .00000 Kerl comnd lie: BOT_IMAGE=/oo/vinuz-4.4.014-genriroot=LABEL=cloudimg-rootfs ro console=tty1 console=ttyS0
[    0.000000] PID hash table entries: 4096 (ode: 3, 368 btes)
[   0000000] Memry 99732/104120Kavaiable863K kerne code, 133K wdat, 40K rotta,144K init, 1316K ss, 50388K reserved, 0K cma-reserved)
[   00.000000] SLUBHWaln=64, Order=0-3, MinObjects=0, CPUs=2, Nodes=1
[    0.0000] Keel/Use page tabesislatin: eable
    0.000000 Hiearchcal CUimplmenttion
[  0.0000]Buil-tim austmntf lef faou to 4.
[   0.000000] 	RU esrictngCPUs fomR_CPUS51to ncpu_id=2.
[   0.0000] RCU: Ajustin gomety forcu_anut_laf=64, nr_cpu_ids=2
[    0.000000] N_IRQS:304 r_irq:440 16
[   0.00000] Cosole: lour VGA+ 80x25
[    0.000000] console [tty1] enabled
[    0.000000] console [ttyS0] enabled
[    .00000] tsc: Detected 1800.000 MHz processor
[   36.488541] Calibrating delay loop (skipped) preset value.. 3600.00 BogoMIPS (lpj=7200000)
[   36.594993] pid_max: default: 32768 minimum: 301
[   36.646264] ACPI: Core revision 20150930
[   36.712933] ACPI: 2 ACPI AML tables successfully acquired and loaded
[   36.776288] Security Framework initialized
[   36.821592] Yama: becoming mindful.
[   36.893159] AppArmor: AppArmor initialized
[   36.926884] Dentry cache hash table entries: 131072 (order: 8, 1048576 bytes)
[   36.986673] Inode-cache hash table entries: 65536 (order: 7, 524288 bytes)
[   37.118259] Mount-cache hash table entries: 2048 (order: 2, 16384 bytes)
[   37.235941] Mountpoint-cache hash table entries: 2048 (order: 2, 16384 bytes)
[   37.340174] Initializing cgroup subsys io
[   37.412317] Initializing cgroup subsys memory
[   37.442650] Initializing cgroup subsys devices
[   37.543702] Initializing cgroup subsys freezer
[   37.640483] Initializing cgroup subsys net_cls
[   37.738033] Initializing cgroup subsys perf_event
[   37.851328] Initializing cgroup subsys net_prio
[   37.975854] Initializing cgroup subsys hugetlb
[   38.038384] Initializing cgroup subsys pids
[   38.153221] mce: CPU supports 0 MCE banks
[   38.224803] Last level iTLB entries: 4KB 64, 2MB 8, 4MB 8
[   38.305995] Last level dTLB entries: 4KB 64, 2MB 0, 4MB 0, 1GB 4
[   38.426201] Spectre V2 : Mitigation: Full generic retpoline
[   38.564506] Spectre V2 : Spectre v2 / SpectreRSB mitigation: Filling RSB on context switch
[   38.735882] Speculative Store Bypass: Vulnerable
[   38.863788] Freeing SMP alternatives memory: 32K
[   38.960555] ftrace: allocating 32277 entries in 127 pages
[   39.193869] smpboot: APIC(0) Converting physical 0 to logical package 0
[   39.358312] smpboot: Max logical packages: 1
[   39.401954] x2apic enabled
[   39.403035] Switched APIC routing to physical x2apic.
[   39.406635] ..TIMER: vector=0x30 apic1=0 pin1=2 apic2=-1 pin2=-1
[   39.653501] smpboot: CPU0: Intel(R) Core(TM) i5-8250U CPU @ 1.60GHz (family: 0x6, model: 0x8e, stepping: 0xa)
[   39.895623] Performance Events: unsupported p6 CPU model 142 no PMU driver, software events only.
[   40.134172] KVM setup paravirtual spinlock
[   40.192297] x86: Booting SMP configuration:
[   40.291025] .... node  #0, CPUs:      #1
[   40.374222] kvm-clock: cpu 1, msr 0:3ffe3041, secondary cpu clock
[   40.418050] mce: CPU supports 0 MCE banks
[   40.452321] x86: Booted up 1 node, 2 CPUs
[   40.526633] smpboot: Total of 2 processors activated (7200.00 BogoMIPS)
[   40.658680] devtmpfs: initialized
[   40.722451] evm: security.selinux
[   40.779604] evm: security.SMACK64
[   40.842302] evm: security.SMACK64EXEC
[   40.939231] evm: security.SMACK64TRANSMUTE
[   41.006909] evm: security.SMACK64MMAP
[   41.094810] evm: security.ima
[   41.165858] evm: security.capability
[   41.261129] clocksource: jiffies: mask: 0xffffffff max_cycles: 0xffffffff, max_idle_ns: 7645041785100000 ns
[   41.526357] futex hash table entries: 512 (order: 3, 32768 bytes)
[   41.578543] pinctrl core: initialized pinctrl subsystem
[   41.714037] RTC time: 15:20:26, date: 02/26/19
[   41.830111] NET: Registered protocol family 16
[   41.943971] cpuidle: using governor ladder
[   42.020445] cpuidle: using governor menu
[   42.106723] PCCT header not found.
[   42.201393] ACPI: bus type PCI registered
[   42.313570] acpiphp: ACPI Hot Plug PCI Controller Driver version: 0.5
[   42.473262] PCI: Using configuration type 1 for base access
[   42.579626] ACPI: Added _OSI(Module Device)
[   42.646828] ACPI: Added _OSI(Processor Device)
[   42.731667] ACPI: Added _OSI(3.0 _SCP Extensions)
[   42.799140] ACPI: Added _OSI(Processor Aggregator Device)
[   42.887430] ACPI: Executed 1 blocks of module-level executable AML code
[   43.002167] ACPI: Interpreter enabled
[   43.025203] ACPI: (supports S0 S5)
[   43.069259] ACPI: Using IOAPIC for interrupt routing
[   43.110878] PCI: Using host bridge windows from ACPI; if necessary, use "pci=nocrs" and report a bug
[   43.305782] ACPI: PCI Root Bridge [PCI0] (domain 0000 [bus 00-ff])
[   43.429069] acpi PNP0A03:00: _OSC: OS supports [ASPM ClockPM Segments MSI]
[   43.561925] acpi PNP0A03:00: _OSC: not requesting OS control; OS requires [ExtendedConfig ASPM ClockPM MSI]
[   43.777443] acpi PNP0A03:00: fail to add MMCONFIG information, can't access extended PCI configuration space under this bridge.
[   43.976582] PCI host bridge to bus 0000:00
[   44.036713] pci_bus 0000:00: root bus resource [io  0x0000-0x0cf7 window]
[   44.205968] pci_bus 0000:00: root bus resource [io  0x0d00-0xffff window]
[   44.318196] pci_bus 0000:00: root bus resource [mem 0x000a0000-0x000bffff window]
[   44.475154] pci_bus 0000:00: root bus resource [mem 0x40000000-0xfdffffff window]
[   44.644056] pci_bus 0000:00: root bus resource [bus 00-ff]
[   44.771842] pci 0000:00:01.1: legacy IDE quirk: reg 0x10: [io  0x01f0-0x01f7]
[   44.924811] pci 0000:00:01.1: legacy IDE quirk: reg 0x14: [io  0x03f6]
[   45.086178] pci 0000:00:01.1: legacy IDE quirk: reg 0x18: [io  0x0170-0x0177]
[   45.250488] pci 0000:00:01.1: legacy IDE quirk: reg 0x1c: [io  0x0376]
[   45.417687] pci 0000:00:07.0: quirk: [io  0x4000-0x403f] claimed by PIIX4 ACPI
[   45.534969] pci 0000:00:07.0: quirk: [io  0x4100-0x410f] claimed by PIIX4 SMB
[   45.587366] ACPI: PCI Interrupt Link [LNKA] (IRQs 5 9 10 *11)
[   45.708549] ACPI: PCI Interrupt Link [LNKB] (IRQs 5 9 *10 11)
[   45.829589] ACPI: PCI Interrupt Link [LNKC] (IRQs 5 *9 10 11)
[   45.927222] ACPI: PCI Interrupt Link [LNKD] (IRQs 5 9 10 *11)
[   45.996514] ACPI: Enabled 2 GPEs in block 00 to 07
[   46.106154] vgaarb: setting as boot device: PCI:0000:00:02.0
[   46.135902] vgaarb: device added: PCI:0000:00:02.0,decodes=io+mem,owns=io+mem,locks=none
[   46.309340] vgaarb: loaded
[   46.386327] vgaarb: bridge control possible 0000:00:02.0
[   46.529436] SCSI subsystem initialized
[   46.605404] ACPI: bus type USB registered
[   46.661732] usbcore: registered new interface driver usbfs
[   46.769452] usbcore: registered new interface driver hub
[   46.886425] usbcore: registered new device driver usb
[   47.018055] PCI: Using ACPI for IRQ routing
[   47.037012] NetLabel: Initializing
[   47.115830] NetLabel:  domain hash size = 128
[   47.221506] NetLabel:  protocols = UNLABELED CIPSOv4
[   47.354803] NetLabel:  unlabeled traffic allowed by default
[   47.491407] amd_nb: Cannot enumerate AMD northbridges
[   47.604560] clocksource: Switched to clocksource kvm-clock
[   7.1294Aprmr:AppArmr lestm naed[  45297pn PP PInit
[  49.066]npPnAC: un3 vis
[   49.804732] clocksource: acpi_pm: mask: 0xffffff max_cycles: 0xffffff, max_idle_ns: 2085701024 ns
[   50.013002] NET: Registered protocol family 2
[   50.129442] TCP established hash table entries: 8192 (order: 4, 65536 bytes)
[   50.237451] TCP bind hash table entries: 8192 (order: 5, 131072 bytes)
[   50.340081] TCP: Hash tables configured (established 8192 bind 8192)
[   50.371095] UDP hash table entries: 512 (order: 2, 16384 bytes)
[   50.373044] UDP-Lite hash table entries: 512 (order: 2, 16384 bytes)
[   50.375166] NET: Registered protocol family 1
[   50.380552] pci 0000:00:00.0: Limiting direct PCI/PCI transfers
[   50.475429] pci 0000:00:01.0: Activating ISA DMA hang workarounds
[   50.555586] Unpacking initramfs...
[   51.119056] Freeing initrd memory: 14800K
[   51.214264] platform rtc_cmos: registered platform RTC device (no PNP device found)
[   51.289792] Scanning for low memory corruption every 60 seconds
[   51.414720] audit: initializing netlink subsys (disabled)
[   51.467501] audit: type=2000 audit(1551194395.298:1): initialized
[   51.512125] Initialise system trusted keyring
[   51.562423] HugeTLB registered 2 MB page size, pre-allocated 0 pages
[   51.649745] zbud: loaded
[   51.701389] VFS: Disk quotas dquot_6.6.0
[   51.822868] VFS: Dquot-cache hash table entries: 512 (order 0, 4096 bytes)
[   51.955705] squashfs: version 4.0 (2009/01/31) Phillip Lougher
[   51.981090] fuse init (API version 7.23)
[   52.052426] Key type big_key registered
[   52.087470] Allocating IMA MOK and blacklist keyrings.
[   52.100454] Key type asymmetric registered
[   52.132598] Asymmetric key parser 'x509' registered
[   52.219734] tsc: Refined TSC clocksource calibration: 1800.830 MHz
[   52.365722] clocksource: tsc: mask: 0xffffffffffffffff max_cycles: 0x19f539a7b3d, max_idle_ns: 440795278756 ns
[   52.365779] Block layer SCSI generic (bsg) driver version 0.4 loaded (major 249)
[   52.365812] io scheduler noop registered
[   52.365814] io scheduler deadline registered (default)
[   52.365841] io scheduler cfq registered
[   52.365930] pci_hotplug: PCI Hot Plug PCI Core version: 0.5
[   52.365935] pciehp: PCI Express Hot Plug Controller Driver version: 0.4
[   52.366058] ACPI: AC Adapter [AC] (off-line)
[   52.366103] input: Power Button as /devices/LNXSYSTM:00/LNXPWRBN:00/input/input0
[   52.366105] ACPI: Power Button [PWRF]
[   52.366168] input: Sleep Button as /devices/LNXSYSTM:00/LNXSLPBN:00/input/input1
[   52.366169] ACPI: Sleep Button [SLPF]
[   52.366294] GHES: HEST is not enabled!
[   52.367016] ACPI: Battery Slot [BAT0] (battery present)
[   52.601147] Serial: 8250/16550 driver, 32 ports, IRQ sharing enabled
[   52.670535] 00:02: ttyS0 at I/O 0x3f8 (irq = 4, base_baud = 115200) is a 16550A
[   52.694574] Linux agpgart interface v0.103
[   52.753937] loop: module loaded
[   52.754421] scsi host0: ata_piix
[   52.754471] scsi host1: ata_piix
[   52.754499] ata1: PATA max UDMA/33 cmd 0x1f0 ctl 0x3f6 bmdma 0xd000 irq 14
[   52.754500] ata2: PATA max UDMA/33 cmd 0x170 ctl 0x376 bmdma 0xd008 irq 15
[   52.754580] libphy: Fixed MDIO Bus: probed
[   52.754582] tun: Universal TUN/TAP device driver, 1.6
[   52.754583] tun: (C) 1999-2004 Max Krasnyansky <maxk@qualcomm.com>
[   52.754860] PPP generic driver version 2.4.2
[   52.754907] ehci_hcd: USB 2.0 'Enhanced' Host Controller (EHCI) Driver
[   52.754910] ehci-pci: EHCI PCI platform driver
[   52.754918] ehci-platform: EHCI generic platform driver
[   52.754925] ohci_hcd: USB 1.1 'Open' Host Controller (OHCI) Driver
[   52.754929] ohci-pci: OHCI PCI platform driver
[   52.754936] ohci-platform: OHCI generic platform driver
[   52.754942] uhci_hcd: USB Universal Host Controller Interface driver
[   52.754988] i8042: PNP: PS/2 Controller [PNP0303:PS2K,PNP0f03:PS2M] at 0x60,0x64 irq 1,12
[   52.755471] serio: i8042 KBD port at 0x60,0x64 irq 1
[   52.755474] serio: i8042 AUX port at 0x60,0x64 irq 12
[   52.755625] mousedev: PS/2 mouse device common for all mice
[   52.755892] input: AT Translated Set 2 keyboard as /devices/platform/i8042/serio0/input/input2
[   52.756200] rtc_cmos rtc_cmos: rtc core: registered rtc_cmos as rtc0
[   52.756268] rtc_cmos rtc_cmos: alarms up to one day, 114 bytes nvram
[   52.756273] i2c /dev entries driver
[   52.756317] device-mapper: uevent: version 1.0.3
[   52.756362] device-mapper: ioctl: 4.34.0-ioctl (2015-10-28) initialised: dm-devel@redhat.com
[   52.756380] ledtrig-cpu: registered to indicate activity on CPUs
[   52.756860] NET: Registered protocol family 10
[   52.756975] NET: Registered protocol family 17
[   52.756986] Key type dns_resolver registered
[   52.757177] registered taskstats version 1
[   52.757188] Loading compiled-in X.509 certificates
[   52.757700] Loaded X.509 cert 'Build time autogenerated kernel key: bff73e56bc0efa7435b2a24f5427674623f1be80'
[   52.757716] zswap: loaded using pool lzo/zbud
[   52.758972] Key type trusted registered
[   52.761737] Key type encrypted registered
[   52.761741] AppArmor: AppArmor sha1 policy hashing enabled
[   52.761743] ima: No TPM chip found, activating TPM-bypass!
[   52.761749] ima: Allocated hash algorithm: sha1
[   52.761758] evm: HMAC attrs: 0x1
[   52.761973]   Magic number: 7:790:336
[   52.761987] tty tty57: hash matches
[   52.843696] rtc_cmos rtc_cmos: setting system clock to 2019-02-26 15:20:37 UTC (1551194437)
[   52.843890] BIOS EDD facility v0.16 2004-Jun-25, 0 devices found
[   52.843891] EDD information not available.
[   56.144640] Freeing unused kernel memory: 1484K
[   56.242228] Write protecting the kernel read-only data: 14336k
[   57.681581] Freeing unused kernel memory: 1624K
[   57.804065] Freeing unused kernel memory: 92K
Loading, please [   57.907081] random: systemd-udevd: uninitialized urandom read (16 bytes read, 9 bits of entropy available)
wait...
startin[   57.907969] random: udevadm: uninitialized urandom read (16 bytes read, 9 bits of entropy available)
g version 229
[   57.907989] random: udevadm: uninitialized urandom read (16 bytes read, 9 bits of entropy available)
[   57.917300] random: udevadm: uninitialized urandom read (16 bytes read, 9 bits of entropy available)
[   57.917338] random: udevadm: uninitialized urandom read (16 bytes read, 9 bits of entropy available)
[   57.917465] random: udevadm: uninitialized urandom read (16 bytes read, 9 bits of entropy available)
[   57.917509] random: udevadm: uninitialized urandom read (16 bytes read, 9 bits of entropy available)
[   57.917570] random: udevadm: uninitialized urandom read (16 bytes read, 9 bits of entropy available)
[   57.917623] random: udevadm: uninitialized urandom read (16 bytes read, 9 bits of entropy available)
[   57.917667] random: udevadm: uninitialized urandom read (16 bytes read, 9 bits of entropy available)
[   59.725075] e1000: Intel(R) PRO/1000 Network Driver - version 7.3.21-k8-NAPI
[   59.836643] e1000: Copyright (c) 1999-2006 Intel Corporation.
[   59.926123] AVX2 version of gcm_enc/dec engaged.
[   59.951539] Fusion MPT base driver 3.04.20
[   59.951540] Copyright (c) 1999-2008 LSI Corporation
[   60.190273] AES CTR mode by8 optimization enabled
[   60.278807] input: ImExPS/2 Generic Explorer Mouse as /devices/platform/i8042/serio1/input/input4
[   60.463968] Fusion MPT SPI Host driver 3.04.20
[   60.767405] e1000 0000:00:03.0 eth0: (PCI:33MHz:32-bit) 02:22:14:82:b3:e3
[   60.893543] e1000 0000:00:03.0 eth0: Intel(R) PRO/1000 Network Connection
[   60.925045] e1000 0000:00:03.0 enp0s3: renamed from eth0
[   60.925125] mptbase: ioc0: Initiating bringup
[   61.079393] ioc0: LSI53C1030 A0: Capabilities={Initiator}
[   62.322603] scsi host2: ioc0: LSI53C1030 A0, FwRev=00000000h, Ports=1, MaxQ=256, IRQ=20
[   63.688470] scsi 2:0:0:0: Direct-Access     VBOX     HARDDISK         1.0  PQ: 0 ANSI: 5
[   63.841679] scsi target2:0:0: Beginning Domain Validation
[   63.961400] scsi target2:0:0: Domain Validation skipping write tests
[   64.076443] scsi target2:0:0: Ending Domain Validation
[   64.116768] scsi target2:0:0: asynchronous
[   64.191966] scsi 2:0:1:0: Direct-Access     VBOX     HARDDISK         1.0  PQ: 0 ANSI: 5
[   64.366306] scsi target2:0:1: Beginning Domain Validation
[   64.371393] scsi target2:0:1: Domain Validation skipping write tests
[   65.195020] scsi target2:0:1: Ending Domain Validation
[   65.312150] scsi target2:0:1: asynchronous
[   65.425455] sd 2:0:0:0: [sda] 20971520 512-byte logical blocks: (10.7 GB/10.0 GiB)
[   65.593199] sd 2:0:0:0: Attached scsi generic sg0 type 0
[   65.706198] sd 2:0:1:0: Attached scsi generic sg1 type 0
[   65.706362] sd 2:0:1:0: [sdb] 20480 512-byte logical blocks: (10.5 MB/10.0 MiB)
[   65.706375] sd 2:0:0:0: [sda] Write Protect is off
[   65.706470] sd 2:0:0:0: [sda] Incomplete mode parameter data
[   65.706471] sd 2:0:0:0: [sda] Assuming drive cache: write through
[   65.706504] sd 2:0:1:0: [sdb] Write Protect is off
[   65.706587] sd 2:0:1:0: [sdb] Incomplete mode parameter data
[   65.706588] sd 2:0:1:0: [sdb] Assuming drive cache: write through
[   65.707962]  sda: sda1
[   65.708679] sd 2:0:1:0: [sdb] Attached SCSI disk
[   65.708963] sd 2:0:0:0: [sda] Attached SCSI disk
Begin: Loading e[   67.970726] md: linear personality registered for level -1
ssential drivers ... [   68.041967] md: multipath personality registered for level -4
[   68.114404] md: raid0 personality registered for level 0
[   68.155081] md: raid1 personality registered for level 1
[   68.276935] raid6: sse2x1   gen()  6021 MB/s
[   68.432806] raid6: sse2x1   xor()  4561 MB/s
[   68.540795] raid6: sse2x2   gen() 10212 MB/s
[   68.680850] raid6: sse2x2   xor()  5487 MB/s
[   68.776901] raid6: sse2x4   gen()  7218 MB/s
[   68.908663] raid6: sse2x4   xor()  6187 MB/s
[   69.072854] raid6: avx2x1   gen() 14692 MB/s
[   69.216637] raid6: avx2x2   gen() 22077 MB/s
[   69.344675] raid6: avx2x4   gen() 26612 MB/s
[   69.464394] raid6: using algorithm avx2x4 gen() 26612 MB/s
[   69.566839] raid6: using avx2x2 recovery algorithm
[   69.670782] xor: automatically using best checksumming function:
[   69.821239]    avx       : 14709.000 MB/sec
[   69.929115] async_tx: api initialized (async)
[   69.956726] md: raid6 personality registered for level 6
[   70.090374] md: raid5 personality registered for level 5
[   70.186525] md: raid4 personality registered for level 4
[   70.309335] md: raid10 personality registered for level 10
done.
Begin: Running /scripts/init-premount ... done.
Begin: Mounting[   70.406578] Btrfs loaded
 root file system ... Begin: Running /scripts/local-top ... done[   70.516262] EXT4-fs (sda1): mounted filesystem with ordered data mode. Opts: (null)
.
Begin: Running /scripts/local-premount ... Scanning for Btrfs filesystems
done.
Warning: fsck not present, so skipping root file system
done.
Begin: Running /scripts/local-bottom ... done.
Begin: Running /scripts/init-bottom ... done.
[   0.439] systed[1]syem22ruin i syste me.(+M +AUD +LIUXIMA +APPAMO +MAK YSNI+UMPLIBCRYPTSEUP+GYP +UTS CLXZLZ4 SECO +KI +LFTIS MO-I)
[   .660 ste[1 Dteted iralatn ace.

[  745521] std[: etct achitctre x86-64


Welcome to [1mUbuntu 16.04.5 LTS[0m!

[  73388systemd[1]Se hstna t <buu-enia>.
[ 769499 rdo nonblki polisnialed
[ 771888syem[1]: Liseng  DicmaerevendaonFIOs
[[0;32m  OK  [0m] Listening on Device-mapper event daemon FIFOs.
[  794569] systemd1]: acd rg Ste Tme Schnid..
[[0;32m  OK  [0m] Reached target System Time Synchronized.
[ 792112] syte[1: eaedart se andGrupNa Lku.
[[0;32m  OK  [0m] Reached target User and Group Name Lookups.
[   8133603] sysem1]: etp utmot Arbrary Eecab  File Frmats leysm utmou Pin.
[[0;32m  OK  [0m] Set up automount Arbitrary Executab...ats File System Automount Point.
[ 822362syted[]:istening on ounaSoke
[[0;32m  OK  [0m] Listening on Journal Socket.
[ 82969058] systmd[1: isnig n ysg ocet
[[0;32m  OK  [0m] Listening on Syslog Socket.
[ 836943] std[1]: ead icSyem Slice.
[[0;32m  OK  [0m] Created slice System Slice.
[   84.777254] systemd[1]: Mounting Debug File System...
         Mounting Debug File System...
[   84.902316] systemd[1]: Mounting POSIX Message Queue File System...
         Mounting POSIX Message Queue File System...
[   85.145527] systemd[1]: Mounting Huge Pages File System...
         Mounting Huge Pages File System...
[   85.321678] systemd[1]: Starting Load Kernel Modules...
         [   85.445045] Loading iSCSI transport class v2.0-870.
Starting Load Kernel Modules...[   85.551327] iscsi: registered transport (tcp)

[   85.664932] systemd[1]: Starting Set console keymap...
         Starting Set console keymap...
[   85.754341] iscsi: registered transport (iser)
[   85.825547] systemd[1]: Starting Remount Root and Kernel File Systems...
         Startin[   85.939792] EXT4-fs (sda1): re-mounted. Opts: (null)
g Remount Root and Kernel File Systems...
[   86.105827] systemd[1]: Reached target Encrypted Volumes.
[[0;32m  OK  [0m] Reached target Encrypted Volumes.
[   86.165537] systemd[1]: Reached target Swap.
[[0;32m  OK  [0m] Reached target Swap.
[   86.296922] systemd[1]: Starting Nameserver information manager...
         Starting Nameserver information manager...
[   86.493244] systemd[1]: Listening on udev Kernel Socket.
[[0;32m  OK  [0m] Listening on udev Kernel Socket.
[   86.597726] systemd[1]: Listening on Journal Audit Socket.
[[0;32m  OK  [0m] Listening on Journal Audit Socket.
[   86.741580] systemd[1]: Created slice User and Session Slice.
[[0;32m  OK  [0m] Created slice User and Session Slice.
[   86.873314] systemd[1]: Reached target Slices.
[[0;32m  OK  [0m] Reached target Slices.
[   86.945765] systemd[1]: Listening on LVM2 metadata daemon socket.
[[0;32m  OK  [0m] Listening on LVM2 metadata daemon socket.
[   87.017839] systemd[1]: Starting Monitoring of LVM2 mirrors, snapshots etc. using dmeventd or progress polling...
         Starting Monitoring of LVM2 mirrors... dmeventd or progress polling...
[   87.202032] systemd[1]: Started Forward Password Requests to Wall Directory Watch.
[[0;32m  OK  [0m] Started Forward Password Requests to Wall Directory Watch.
[   87.417095] systemd[1]: Listening on udev Control Socket.
[[0;32m  OK  [0m] Listening on udev Control Socket.
[   87.632414] systemd[1]: Listening on Journal Socket (/dev/log).
[[0;32m  OK  [0m] Listening on Journal Socket (/dev/log).
[   87.817419] systemd[1]: Starting Journal Service...
         Starting Journal Service...
[   87.965736] systemd[1]: Listening on /dev/initctl Compatibility Named Pipe.
[[0;32m  OK  [0m] Listening on /dev/initctl Compatibility Named Pipe.
[   88.219430] systemd[1]: Created slice system-serial\x2dgetty.slice.
[[0;32m  OK  [0m] Created slice system-serial\x2dgetty.slice.
[   88.367781] systemd[1]: Listening on LVM2 poll daemon socket.
[[0;32m  OK  [0m] Listening on LVM2 poll daemon socket.
[   88.565612] systemd[1]: Starting Create list of required static device nodes for the current kernel...
         Starting Create list of required st... nodes for the current kernel...
[   88.808858] systemd[1]: Starting Uncomplicated firewall...
         Starting Uncomplicated firewall...
[   88.985280] systemd[1]: Started Trigger resolvconf update for networkd DNS.
[[0;32m  OK  [0m] Started Trigger resolvconf update for networkd DNS.
[   89.290839] systemd[1]: Mounted Debug File System.
[[0;32m  OK  [0m] Mounted Debug File System.
[   89.409493] systemd[1]: Mounted Huge Pages File System.
[[0;32m  OK  [0m] Mounted Huge Pages File System.
[   89.554011] systemd[1]: Mounted POSIX Message Queue File System.
[[0;32m  OK  [0m] Mounted POSIX Message Queue File System.
[   89.754401] syte[1: ard ournaleric.
[[0;32m  OK  [0m] Started Journal Service.
[[0;32m  OK  [0m] Started Load Kernel Modules.
[[0;32m  OK  [0m] Started Set console keymap.
[[0;32m  OK  [0m] Started Remount Root and Kernel File Systems.
[[0;32m  OK  [0m] Started Create list of required sta...ce nodes for the current kernel.
[[0;32m  OK  [0m] Started Uncomplicated firewall.
[[0;32m  OK  [0m] Started Nameserver information manager.
[[0;32m  OK  [0m] Started LVM2 metadata daemon.
         Starting Create Static Device Nodes in /dev...
         Starting udev Coldplug all Devices...
         Starting Load/Save Random Seed...
         Mounting FUSE Control File System...
         Starting Apply Kernel Variables...
         Starting Flush Journal to Persistent Storage...
[[0;32m  OK  [0m] Mounted FUSE Control File System.
[[0;32m  OK  [0m] Started Monitoring of LVM2 mirrors,...ng dmeventd or progress polling.
[[0;32m  OK  [0m] Started Create Static Device Nodes in /dev.
[[0;32m  OK  [0m] Started Load/Save Random Seed.
[[0;32m  OK  [0m] Started Apply Kernel Variables.
[[0;32m  OK  [0m] Started udev Coldplug all Devices.
         Starting udev Kernel Device Manager...
[[0;32m  OK  [0m] Reached target Local File Systems (Pre).
[[0;32m  OK  [0m] Reached target Local File Systems.
         Starting Set console font and keymap...
         Starting Initial cloud-init job (pre-networking)...
         Starting Tell Plymouth To Write Out Runtime Data...
         Starting LSB: AppArmor initialization...
[[0;32m  OK  [0m] Started udev Kernel Device Manager.
[[0;32m  OK  [0m] Started Flush Journal to Persistent Storage.
[[0;32m  OK  [0m] Started Set console font and keymap.
[[0;32m  OK  [0m] Started Tell Plymouth To Write Out Runtime Data.
[[0;32m  OK  [0m] Found device /dev/ttyS0.
[[0;32m  OK  [0m] Listening on Load/Save RF Kill Switch Status /dev/rfkill Watch.
[[0;32m  OK  [0m] Created slice system-getty.slice.
         Starting Create Volatile Files and Directories...
[[0;32m  OK  [0m] Started Dispatch Password Requests to Console Directory Watch.
[[0;32m  OK  [0m] Started LSB: AppArmor initialization.
[[0;32m  OK  [0m] Started Create Volatile Files and Directories.
         Starting Update UTMP about System Boot/Shutdown...
[[0;32m  OK  [0m] Started Update UTMP about System Boot/Shutdown.
[   47.318157] cloud-init[498]: Cloud-init v. 18.4-0ubuntu1~16.04.2 running 'init-local' at Tue, 26 Feb 2019 15:21:18 +0000. Up 46.82 seconds.
[[0;32m  OK  [0m] Started Initial cloud-init job (pre-networking).
[[0;32m  OK  [0m] Reached target Network (Pre).
         Starting Raise network interfaces...
[[0;32m  OK  [0m] Started ifup for enp0s3.
[[0;32m  OK  [0m] Started Raise network interfaces.
[[0;32m  OK  [0m] Reached target Network.
         Starting Initial cloud-init job (metadata service crawler)...
[   48.994909] cloud-init[965]: Cloud-init v. 18.4-0ubuntu1~16.04.2 running 'init' at Tue, 26 Feb 2019 15:21:20 +0000. Up 48.60 seconds.
[[0;32m  OK  [0m] Started Initial cloud-init job (metadata service crawler).
[[0;32m  OK  [0m] Reached target Network is Online.
[   49.114551] cloud-init[965]: ci-info: ++++++++++++++++++++++++++++++++++++++Net device info++++++++++++++++++++++++++++++++++++++
[   49.348634] cloud-init[965]: ci-info: +--------+------+----------------------------+---------------+--------+-------------------+
[   49.456517] cloud-init[965]: ci-info: | Device |  Up  |          Address           |      Mask     | Scope  |     Hw-Address    |
[   49.541669] cloud-init[965]: ci-info: +--------+------+----------------------------+---------------+--------+-------------------+
[   49.677169] cloud-init[965]: ci-info: | enp0s3 | True |         10.0.2.15          | 255.255.255.0 | global | 02:22:14:82:b3:e3 |
         Starting iSCSI initiator daemon (iscsid)...
[[0;32m  OK  [0m] Reached target System Initialization.
[   49.804343] cloud-init[965]: ci-info: | enp0s3 | True | fe80::22:14ff:fe82:b3e3/64 |       .       |  link  | 02:22:14:82:b3:e3 |
[   50.009240] cloud-init[965]: ci-info: |   lo   | True |         127.0.0.1          |   255.0.0.0   |  host  |         .         |
[   50.145949] cloud-init[965]: ci-info: |   lo   | True |          ::1/128           |       .       |  host  |         .         |
         Starting LXD - unix socket.
[   50.279614] cloud-init[965]: ci-info: +--------+------+----------------------------+---------------+--------+-------------------+
[   50.445213] cloud-init[965]: ci-info:  ++++++++++++++++++++++++++Route IPv4 info++++++++++++++++++++++++++++
[   50.574341] cloud-init[965]: ci-info: +-------+-------------+----------+---------------+-----------+-------+
[   50.666679] cloud-init[965]: ci-info: | Route | Destination | Gateway  |    Genmask    | Interface | Flags |
[   50.788583] cloud-init[965]: ci-info: +-------+-------------+----------+---------------+-----------+-------+
[[   50.789260] cloud-init[965]: ci-info: |   0   |   0.0.0.0   | 10.0.2.2 |    0.0.0.0    |   enp0s3  |   UG  |
[0;32m  OK  [0m] Started Daily apt download activities.
[   50.789540] cloud-init[965]: ci-info: |   1   |   10.0.2.0  | 0.0.0.0  | 255.255.255.0 |   enp0s3  |   U   |
[   51.168414] cloud-init[965]: ci-info: +-------+-------------+----------+---------------+-----------+-------+
[[   51.168712] cloud-init[965]: ci-info: +++++++++++++++++++Route IPv6 info+++++++++++++++++++
[0;32m  OK  [0m] Listening on D-Bus System Message Bus Socket.
[   51.168964] cloud-init[965]: ci-info: +-------+-------------+---------+-----------+-------+
[   51.496522] cloud-init[965]: ci-info: | Route | Destination | Gateway | Interface | Flags |
[[   51.497283] cloud-init[965]: ci-info: +-------+-------------+---------+-----------+-------+
[0;32m  OK  [0m] Started ACPI Events Check.
[   51.497625] cloud-init[965]: ci-info: |   0   |  fe80::/64  |    ::   |   enp0s3  |   U   |
[[   51.801630] cloud-init[965]: ci-info: |   3   |   ff00::/8  |    ::   |   enp0s3  |   U   |
[0;32m  OK  [0m] Reached target Paths.
[   51.801930]          Starting Docker Socket for the API.
cloud-init[965]: ci-info: +-------+-------------+---------+-----------+-------+
[[0;32m  OK  [0m] Started Daily apt upgrade and clean activities.
[[0;32m  OK  [0m] Started Daily Cleanup of Temporary Directories.
[[0;32m  OK  [0m] Reached targettTimers.
         Starting Socket activation for snappy daemon.
[[0;32m  OK  [0m] Listening on UUID daemon activation socket.
[[0;32m  OK  [0m] Listening on ACPID Listen Socket.
[[0;32m  OK  [0m] Reached target Cloud-config availability.
[[0;32m  OK  [0m] Listening on LXD - unix socket.
[[0;32m  OK  [0m] Listening on Docker Socket for the API.
[[0;32m  OK  [0m] Listening on Socket activation for snappy daemon.
[[0;32m  OK  [0m] Started iSCSI initiator daemon (iscsid).
         Starting Login to default iSCSI targets...
[[0;32m  OK  [0m] Reached target Sockets.
[[0;32m  OK  [0m] Reached target Basic System.
         Starting System Logging Service...
[[0;32m  OK  [0m] Started D-Bus System Message Bus.
[[0;32m  OK  [0m] Started Unattended Upgrades Shutdown.
         Starting LSB: MD monitoring daemon...
         Starting Snappy daemon...
         Starting containerd container runtime...
[[0;32m  OK  [0m] Started Deferred execution scheduler.
[[0;32m  OK  [0m] Started ACPI event daemon.
         Starting Docker Application Container Engine...
         Starting vboxadd.service...
[[0;32m  OK  [0m] Started FUSE filesystem for LXC.
         Starting MySQL Community Server...
         Starting LSB: Record successful boot for GRUB...
[[0;32m  OK  [0m] Started Regular background program processing daemon.
         Starting Accounts Service...
         Starting /etc/rc.local Compatibility...
         Starting Login Service...
         Starting OpenBSD Secure Shell server...
         Starting LXD - container startup/shutdown...
[[0;32m  OK  [0m] Started System Logging Service.
[[0;;2m  OK  [0m] Started Snappy daemon.
[[0;32m  OK  [0m] Started containerd container runtime.
[[0;32m  OK  [0m] Started vboxadd.service.
[[0;32m  OK  [0m] Started /etc/rc.local Compatibility.
[[0;32m  OK  [0m] Started LXD - container startup/shutdown.
[[0;32m  OK  [0m] Started OpenBSD Secure Shell server.
[[0;32m  OK  [0m] Started Login to default iSCSI targets.
[[0;32m  OK  [0m] Started LSB: MD monitoring daemon.
[[0;32m  OK  [0m] Started LSB: Record successful boot for GRUB.
[[0;32m  OK  [0m] Started Login Service.
         Starting Authenticate and Authorize Users to Run Privileged Tasks...
[[0;32m  OK  [0m] Reached target Remote File Systems (Pre).
[[0;32m  OK  [0m] Reached target Remote File Systems.
         Starting LSB: automatic crash report generation...
         Starting Permit User Sessions...
         Starting LSB: daemon to balance interrupts for SMP systems...
         Starting LSB: Set the CPU Frequency Scaling governor to "ondemand"...
         Starting vboxadd-service.service...
         Starting Wait until snapd is fully seeded...
[[0;32m  OK  [0m] Started Permit User Sessions.
[[0;32m  OK  [0m] Started vboxadd-service.service.
[[0;32m  OK  [0m] Started Wait until snapd is fully seeded.
[[0;32m  OK  [0m] Started Docker Application Container Engine.
[[0;32m  OK  [0m] Started Authenticate and Authorize Users to Run Privileged Tasks.
[[0;32m  OK  [0m] Started Accounts Service.
[[0;32m  OK  [0m] Started MySQL Community Server.
[[0;32m  OK  [0m] Started LSB: automatic crash report generation.
[[0;32m  OK  [0m] Started LSB: daemon to balance interrupts for SMP systems.
[[0;32m  OK  [0m] Started LSB: Set the CPU Frequency Scaling governor to "ondemand".
[[0;32m  OK  [0m] Created slice User Slice of vagrant.
         Starting User Manager for UID 1000...
[[0;32m  OK  [0m] Started Session 1 of user vagrant.
         Starting Apply the settings specified in cloud-config...
         Starting Terminate Plymouth Boot Screen...
         Starting Hold until boot process finishes up...
[[0;32m  OK  [0m] Started User Manager for UID 1000.
[[0;32m  OK  [0m] Started Terminate Plymouth Boot Screen.
[[0;32m  OK  [0m] Started Hold until boot process finishes up.
[[0;32m  OK  [0m] Started Getty on tty1.
[[0;32m  OK  [0m] Started Serial Getty on ttyS0.
[[0;32m  OK  [0m] Reached target Login Prompts.
         Starting Set console scheme...
[[0;32m  OK  [0m] Reached target Multi-User System.
[[0;32m  OK  [0m] Reached target Graphical Interface.
         Starting Update UTMP about System Runlevel Changes...
[[0;32m  OK  [0m] Started Set console scheme.
[[0;32m  OK  [0m] Started Update UTMP about System Runlevel Changes.
[   60.264801] cloud-init[1478]: Cloud-init v. 18.4-0ubuntu1~16.04.2 running 'modules:config' at Tue, 26 Feb 2019 15:21:31 +0000. Up 59.98 seconds.
[[0;32m  OK  [0m] Started Apply the settings specified in cloud-config.
         Starting Execute cloud user/final scripts...
[   61.267758] cloud-init[1557]: Cloud-init v. 18.4-0ubuntu1~16.04.2 running 'modules:final' at Tue, 26 Feb 2019 15:21:32 +0000. Up 61.11 seconds.
[   61.344501] cloud-init[1557]: Cloud-init v. 18.4-0ubuntu1~16.04.2 finished at Tue, 26 Feb 2019 15:21:32 +0000. Datasource DataSourceNoCloud [seed=/dev/sdb][dsmode=net].  Up 61.25 seconds
[[0;32m  OK  [0m] Started Execute cloud user/final scripts.
[[0;32m  OK  [0m] Reached target Cloud-init target.

Ubuntu 16.04.5 LTS ubuntu-xenial ttyS0

ubuntu-xenial login: 